{"is_valid": false, "error": "Expected error message"}