{"is_valid": true, "error": "CWL file is valid.", "file_type": "valid", "file_name": "cwl_valid_1_37.cwl"}