{"is_valid": false, "error": "Validation failed: Unsupported class", "file_type": "invalid", "file_name": "cwl_invalid_8_1.cwl"}