{"is_valid": false, "error": "Validation failed: Missing 'inputs' in CWL file", "file_type": "invalid", "file_name": "cwl_invalid_5_1.cwl"}