{"is_valid": false, "error": "Validation failed: Missing 'cwlVersion' in CWL file"}