{"is_valid": false, "error": "Validation failed: Unsupported CWL version: 1.0.0"}