{"is_valid": false, "error": "Validation failed: Unsupported requirement: NonExistentRequirement"}