{"is_valid": false, "error": "Validation failed: Unsupported CWL version", "file_type": "invalid", "file_name": "cwl_invalid_7_9.cwl"}