{"is_valid": false, "error": "Validation failed: Missing 'outputs' in CWL file"}