{"is_valid": false, "error": "Validation failed: Unsupported requirement", "file_type": "invalid", "file_name": "cwl_invalid_9_9.cwl"}