{"is_valid": false, "error": "Validation failed: Missing 'class' in CWL file"}