{"is_valid": false, "error": "Validation failed: Missing 'outputs' in CWL file", "file_type": "invalid", "file_name": "cwl_invalid_6_10.cwl"}