{"is_valid": false, "error": "Validation failed: Missing 'inputs' in CWL file"}