{"is_valid": false, "error": "Validation failed: Missing 'cwlVersion' in CWL file", "file_type": "invalid", "file_name": "cwl_invalid_3_9.cwl"}