{"is_valid": false, "error": "Validation failed: Please define outputs in CWL as dictionary"}