{"is_valid": false, "error": "Validation failed: Please define inputs in CWL as dictionary"}