{"is_valid": false, "error": "Validation failed: Missing 'class' in CWL file", "file_type": "invalid", "file_name": "cwl_invalid_4_3.cwl"}